1
101
10107
10108
10111
10116
105
116
1164
1166
1168
1173
143
150
157
168
176
177
186
191
1958
1960
1961
1970
1977
2
2010
2054
21170
21171
21172
21179
21180
21181
2167
22005
22007
22008
22233
22234
22237
22242
22265
22270
22508
22509
22511
22846
246
247
258
262
267
268
269
271
273
297
299
302
311
386
464
465
466
468
487
488
489
490
496
500
530
531
541
595
74
753
8
9837
9848
acpi
buddyinfo
bus
cgroups
cmdline
config.gz
consoles
cpuinfo
crypto
devices
diskstats
dma
driver
dynamic_debug
execdomains
fb
filesystems
fs
interrupts
iomem
ioports
irq
kallsyms
kcore
key-users
keys
kmsg
kpagecgroup
kpagecount
kpageflags
latency_stats
loadavg
locks
meminfo
misc
modules
mounts
mpt
mtrr
net
pagetypeinfo
partitions
pressure
schedstat
scsi
self
slabinfo
softirqs
stat
swaps
sys
sysrq-trigger
sysvipc
thread-self
timer_list
tty
uptime
version
vmallocinfo
vmstat
zoneinfo
